openmu-startup  | 2026-09-28 15:38:16.852 +00:00 [Warning] [MUnique.OpenMU.GameLogic.Player] WalkToAsync: Player requested to walk from "159, 126", but it's currently at "170, 126" (offset 11 > 5). Resynchronizing client.
openmu-startup  | 2026-09-28 15:38:16.871 +00:00 [Warning] [MUnique.OpenMU.GameLogic.Player] WalkToAsync: Player requested to walk from "163, 126", but it's currently at "170, 126" (offset 7 > 5). Resynchronizing client.
openmu-startup  | 2026-09-28 15:38:17.192 +00:00 [Warning] [MUnique.OpenMU.GameLogic.Player] WalkToAsync: Player requested to walk from "184, 126", but it's currently at "172, 126" (offset 12 > 5). Resynchronizing client.
openmu-startup  | 2026-09-28 15:38:17.212 +00:00 [Warning] [MUnique.OpenMU.GameLogic.Player] WalkToAsync: Player requested to walk from "188, 126", but it's currently at "172, 126" (offset 16 > 5). Resynchronizing client.
openmu-startup  | 2026-09-28 15:38:17.233 +00:00 [Warning] [MUnique.OpenMU.GameLogic.Player] WalkToAsync: Player requested to walk from "192, 126", but it's currently at "172, 126" (offset 20 > 5). Resynchronizing client.
openmu-startup  | 2026-09-28 15:38:17.256 +00:00 [Warning] [MUnique.OpenMU.GameLogic.Player] WalkToAsync: Player requested to walk from "196, 126", but it's currently at "172, 126" (offset 24 > 5). Resynchronizing client.
openmu-startup  | 2026-09-28 15:38:17.656 +00:00 [Warning] [MUnique.OpenMU.GameLogic.Player] Speedhack detected on walk for player "test400Dk": traveled 8 tiles in 44.0632ms (expected at least 1403.5086ms). Deficit: 1359.4454ms.
openmu-startup  | 2026-09-28 15:38:17.658 +00:00 [Warning] [MUnique.OpenMU.GameLogic.Player] Speedhack warning issued for player "test400Dk". Total warnings in last hour: 1
openmu-startup  | 2026-09-28 15:38:25.626 +00:00 [Warning] [MUnique.OpenMU.GameLogic.Player] WalkToAsync: Player requested to walk from "174, 124", but it's currently at "181, 125" (offset 7.0710678118654755 > 5). Resynchronizing client.
openmu-startup  | 2026-09-28 15:38:25.685 +00:00 [Warning] [MUnique.OpenMU.GameLogic.Player] Speedhack detected on walk for player "test400Dk": traveled 8 tiles in 36.3992ms (expected at least 1403.5086ms). Deficit: 1367.1094ms.
openmu-startup  | 2026-09-28 15:38:25.686 +00:00 [Warning] [MUnique.OpenMU.GameLogic.Player] Speedhack warning issued for player "test400Dk". Total warnings in last hour: 2
openmu-startup  | 2026-09-28 15:38:25.946 +00:00 [Warning] [MUnique.OpenMU.GameLogic.Player] WalkToAsync: Player requested to walk from "188, 130", but it's currently at "183, 125" (offset 7.0710678118654755 > 5). Resynchronizing client.
openmu-startup  | 2026-09-28 15:38:25.971 +00:00 [Warning] [MUnique.OpenMU.GameLogic.Player] WalkToAsync: Player requested to walk from "192, 130", but it's currently at "183, 125" (offset 10.295630140987 > 5). Resynchronizing client.
openmu-startup  | 2026-09-28 15:38:25.988 +00:00 [Warning] [MUnique.OpenMU.GameLogic.Player] WalkToAsync: Player requested to walk from "196, 130", but it's currently at "183, 125" (offset 13.92838827718412 > 5). Resynchronizing client.
openmu-startup  | 2026-09-28 15:38:26.009 +00:00 [Warning] [MUnique.OpenMU.GameLogic.Player] WalkToAsync: Player requested to walk from "200, 130", but it's currently at "183, 125" (offset 17.72004514666935 > 5). Resynchronizing client.
openmu-startup  | 2026-09-28 15:38:26.270 +00:00 [Warning] [MUnique.OpenMU.GameLogic.Player] WalkToAsync: Player requested to walk from "187, 125", but it's currently at "182, 126" (offset 5.0990195135927845 > 5). Resynchronizing client.
openmu-startup  | 2026-09-28 15:38:26.291 +00:00 [Warning] [MUnique.OpenMU.GameLogic.Player] WalkToAsync: Player requested to walk from "191, 125", but it's currently at "182, 126" (offset 9.055385138137417 > 5). Resynchronizing client.
openmu-startup  | 2026-09-28 15:38:26.311 +00:00 [Warning] [MUnique.OpenMU.GameLogic.Player] WalkToAsync: Player requested to walk from "195, 125", but it's currently at "182, 126" (offset 13.038404810405298 > 5). Resynchronizing client.
openmu-startup  | 2026-09-28 15:38:26.573 +00:00 [Warning] [MUnique.OpenMU.GameLogic.Player] WalkToAsync: Player requested to walk from "186, 126", but it's currently at "181, 127" (offset 5.0990195135927845 > 5). Resynchronizing client.
openmu-startup  | 2026-09-28 15:38:26.594 +00:00 [Warning] [MUnique.OpenMU.GameLogic.Player] WalkToAsync: Player requested to walk from "190, 126", but it's currently at "181, 127" (offset 9.055385138137417 > 5). Resynchronizing client.
openmu-startup  | 2026-09-28 15:38:26.614 +00:00 [Warning] [MUnique.OpenMU.GameLogic.Player] WalkToAsync: Player requested to walk from "194, 126", but it's currently at "181, 127" (offset 13.038404810405298 > 5). Resynchronizing client.
openmu-startup  | 2026-09-28 15:38:26.878 +00:00 [Warning] [MUnique.OpenMU.GameLogic.Player] WalkToAsync: Player requested to walk from "185, 127", but it's currently at "180, 128" (offset 5.0990195135927845 > 5). Resynchronizing client.
openmu-startup  | 2026-09-28 15:38:26.898 +00:00 [Warning] [MUnique.OpenMU.GameLogic.Player] WalkToAsync: Player requested to walk from "189, 127", but it's currently at "180, 128" (offset 9.055385138137417 > 5). Resynchronizing client.
openmu-startup  | 2026-09-28 15:38:26.919 +00:00 [Warning] [MUnique.OpenMU.GameLogic.Player] WalkToAsync: Player requested to walk from "193, 127", but it's currently at "180, 128" (offset 13.038404810405298 > 5). Resynchronizing client.
openmu-startup  | 2026-09-28 15:38:27.231 +00:00 [Warning] [MUnique.OpenMU.GameLogic.Player] Speedhack detected on walk for player "test400Dk": traveled 8 tiles in 45.7259ms (expected at least 1403.5086ms). Deficit: 1357.7827ms.
openmu-startup  | 2026-09-28 15:38:27.275 +00:00 [Warning] [MUnique.OpenMU.GameLogic.Player] WalkToAsync: Player requested to walk from "192, 128", but it's currently at "184, 129" (offset 8.06225774829855 > 5). Resynchronizing client.
openmu-startup  | 2026-09-28 15:38:27.525 +00:00 [Warning] [MUnique.OpenMU.GameLogic.Player] Speedhack detected on walk for player "test400Dk": traveled 8 tiles in 41.3779ms (expected at least 1403.5086ms). Deficit: 1362.1307ms.
openmu-startup  | 2026-09-28 15:38:27.567 +00:00 [Warning] [MUnique.OpenMU.GameLogic.Player] WalkToAsync: Player requested to walk from "196, 129", but it's currently at "187, 129" (offset 9 > 5). Resynchronizing client.
openmu-startup  | 2026-09-28 15:38:27.835 +00:00 [Warning] [MUnique.OpenMU.GameLogic.Player] Speedhack detected on walk for player "test400Dk": traveled 8 tiles in 43.2547ms (expected at least 1403.5086ms). Deficit: 1360.2539ms.
openmu-startup  | 2026-09-28 15:38:27.881 +00:00 [Warning] [MUnique.OpenMU.GameLogic.Player] WalkToAsync: Player requested to walk from "199, 129", but it's currently at "190, 129" (offset 9 > 5). Resynchronizing client.
openmu-startup  | 2026-09-28 15:38:28.139 +00:00 [Warning] [MUnique.OpenMU.GameLogic.Player] Speedhack detected on walk for player "test400Dk": traveled 8 tiles in 36.2905ms (expected at least 1403.5086ms). Deficit: 1367.2181ms.
openmu-startup  | 2026-09-28 15:38:28.183 +00:00 [Warning] [MUnique.OpenMU.GameLogic.Player] WalkToAsync: Player requested to walk from "202, 129", but it's currently at "193, 129" (offset 9 > 5). Resynchronizing client.
openmu-startup  | 2026-09-28 15:38:28.490 +00:00 [Warning] [MUnique.OpenMU.GameLogic.Player] Speedhack detected on walk for player "test400Dk": traveled 8 tiles in 43.3757ms (expected at least 1403.5086ms). Deficit: 1360.1329ms.
openmu-startup  | 2026-09-28 15:38:28.531 +00:00 [Warning] [MUnique.OpenMU.GameLogic.Player] WalkToAsync: Player requested to walk from "205, 129", but it's currently at "196, 129" (offset 9 > 5). Resynchronizing client.
openmu-startup  | 2026-09-28 15:38:28.862 +00:00 [Warning] [MUnique.OpenMU.GameLogic.Player] Speedhack detected on walk for player "test400Dk": traveled 8 tiles in 43.0217ms (expected at least 1403.5086ms). Deficit: 1360.4869ms.
openmu-startup  | 2026-09-28 15:38:28.903 +00:00 [Warning] [MUnique.OpenMU.GameLogic.Player] WalkToAsync: Player requested to walk from "208, 129", but it's currently at "199, 129" (offset 9 > 5). Resynchronizing client.
openmu-startup  | 2026-09-28 15:38:29.195 +00:00 [Warning] [MUnique.OpenMU.GameLogic.Player] Speedhack detected on walk for player "test400Dk": traveled 8 tiles in 43.9254ms (expected at least 1403.5086ms). Deficit: 1359.5832ms.
openmu-startup  | 2026-09-28 15:38:29.239 +00:00 [Warning] [MUnique.OpenMU.GameLogic.Player] WalkToAsync: Player requested to walk from "211, 129", but it's currently at "202, 129" (offset 9 > 5). Resynchronizing client.
openmu-startup  | 2026-09-28 15:38:29.523 +00:00 [Warning] [MUnique.OpenMU.GameLogic.Player] Speedhack detected on walk for player "test400Dk": traveled 8 tiles in 41.9395ms (expected at least 1403.5086ms). Deficit: 1361.5691ms.
openmu-startup  | 2026-09-28 15:38:29.567 +00:00 [Warning] [MUnique.OpenMU.GameLogic.Player] WalkToAsync: Player requested to walk from "214, 129", but it's currently at "205, 129" (offset 9 > 5). Resynchronizing client.
openmu-startup  | 2026-09-28 15:38:29.834 +00:00 [Warning] [MUnique.OpenMU.GameLogic.Player] Speedhack detected on walk for player "test400Dk": traveled 8 tiles in 46.4928ms (expected at least 1403.5086ms). Deficit: 1357.0158ms.
openmu-startup  | 2026-09-28 15:38:29.875 +00:00 [Warning] [MUnique.OpenMU.GameLogic.Player] WalkToAsync: Player requested to walk from "217, 129", but it's currently at "208, 129" (offset 9 > 5). Resynchronizing client.
openmu-startup  | 2026-09-28 15:38:30.136 +00:00 [Warning] [MUnique.OpenMU.GameLogic.Player] Speedhack detected on walk for player "test400Dk": traveled 8 tiles in 43.9043ms (expected at least 1403.5086ms). Deficit: 1359.6043ms.
openmu-startup  | 2026-09-28 15:38:30.179 +00:00 [Warning] [MUnique.OpenMU.GameLogic.Player] WalkToAsync: Player requested to walk from "220, 129", but it's currently at "211, 129" (offset 9 > 5). Resynchronizing client.
openmu-startup  | 2026-09-28 15:38:30.456 +00:00 [Warning] [MUnique.OpenMU.GameLogic.Player] Speedhack detected on walk for player "test400Dk": traveled 8 tiles in 44.6536ms (expected at least 1403.5086ms). Deficit: 1358.855ms.
openmu-startup  | 2026-09-28 15:38:30.499 +00:00 [Warning] [MUnique.OpenMU.GameLogic.Player] WalkToAsync: Player requested to walk from "223, 129", but it's currently at "214, 129" (offset 9 > 5). Resynchronizing client.
openmu-startup  | 2026-09-28 15:38:30.800 +00:00 [Warning] [MUnique.OpenMU.GameLogic.Player] Speedhack detected on walk for player "test400Dk": traveled 8 tiles in 37.5748ms (expected at least 1403.5086ms). Deficit: 1365.9338ms.
openmu-startup  | 2026-09-28 15:38:30.800 +00:00 [Warning] [MUnique.OpenMU.GameLogic.Player] Speedhack warning issued for player "test400Dk". Total warnings in last hour: 3
openmu-startup  | 2026-09-28 15:38:30.826 +00:00 [Warning] [MUnique.OpenMU.GameLogic.Player] WalkToAsync: Player requested to walk from "226, 129", but it's currently at "217, 129" (offset 9 > 5). Resynchronizing client.
openmu-startup  | 2026-09-28 15:38:31.111 +00:00 [Warning] [MUnique.OpenMU.GameLogic.Player] WalkToAsync: Player requested to walk from "221, 129", but it's currently at "216, 130" (offset 5.0990195135927845 > 5). Resynchronizing client.
openmu-startup  | 2026-09-28 15:38:31.132 +00:00 [Warning] [MUnique.OpenMU.GameLogic.Player] WalkToAsync: Player requested to walk from "225, 129", but it's currently at "216, 130" (offset 9.055385138137417 > 5). Resynchronizing client.
openmu-startup  | 2026-09-28 15:38:31.159 +00:00 [Warning] [MUnique.OpenMU.GameLogic.Player] WalkToAsync: Player requested to walk from "229, 129", but it's currently at "216, 130" (offset 13.038404810405298 > 5). Resynchronizing client.
openmu-startup  | 2026-09-28 15:38:31.506 +00:00 [Warning] [MUnique.OpenMU.GameLogic.Player] Speedhack detected on walk for player "test400Dk": traveled 8 tiles in 41.921ms (expected at least 1403.5086ms). Deficit: 1361.5876ms.
openmu-startup  | 2026-09-28 15:38:31.547 +00:00 [Warning] [MUnique.OpenMU.GameLogic.Player] WalkToAsync: Player requested to walk from "228, 130", but it's currently at "219, 130" (offset 9 > 5). Resynchronizing client.
openmu-startup  | 2026-09-28 15:38:31.815 +00:00 [Warning] [MUnique.OpenMU.GameLogic.Player] WalkToAsync: Player requested to walk from "223, 130", but it's currently at "218, 129" (offset 5.0990195135927845 > 5). Resynchronizing client.
openmu-startup  | 2026-09-28 15:38:31.828 +00:00 [Warning] [MUnique.OpenMU.GameLogic.Player] WalkToAsync: Player requested to walk from "227, 130", but it's currently at "218, 129" (offset 9.055385138137417 > 5). Resynchronizing client.
openmu-startup  | 2026-09-28 15:38:31.848 +00:00 [Warning] [MUnique.OpenMU.GameLogic.Player] WalkToAsync: Player requested to walk from "231, 130", but it's currently at "218, 129" (offset 13.038404810405298 > 5). Resynchronizing client.
openmu-startup  | 2026-09-28 15:38:32.159 +00:00 [Warning] [MUnique.OpenMU.GameLogic.Player] Speedhack detected on walk for player "test400Dk": traveled 8 tiles in 41.4757ms (expected at least 1403.5086ms). Deficit: 1362.0329ms.
openmu-startup  | 2026-09-28 15:38:32.199 +00:00 [Warning] [MUnique.OpenMU.GameLogic.Player] WalkToAsync: Player requested to walk from "230, 129", but it's currently at "221, 129" (offset 9 > 5). Resynchronizing client.
openmu-startup  | 2026-09-28 15:38:32.482 +00:00 [Warning] [MUnique.OpenMU.GameLogic.Player] Speedhack detected on walk for player "test400Dk": traveled 8 tiles in 40.5591ms (expected at least 1403.5086ms). Deficit: 1362.9495ms.
openmu-startup  | 2026-09-28 15:38:32.523 +00:00 [Warning] [MUnique.OpenMU.GameLogic.Player] WalkToAsync: Player requested to walk from "233, 129", but it's currently at "224, 129" (offset 9 > 5). Resynchronizing client.
openmu-startup  | 2026-09-28 15:38:32.814 +00:00 [Warning] [MUnique.OpenMU.GameLogic.Player] Speedhack detected on walk for player "test400Dk": traveled 8 tiles in 40.8953ms (expected at least 1403.5086ms). Deficit: 1362.6133ms.
openmu-startup  | 2026-09-28 15:38:32.842 +00:00 [Warning] [MUnique.OpenMU.GameLogic.Player] WalkToAsync: Player requested to walk from "236, 129", but it's currently at "227, 129" (offset 9 > 5). Resynchronizing client.
openmu-startup  | 2026-09-28 15:38:33.127 +00:00 [Warning] [MUnique.OpenMU.GameLogic.Player] Speedhack detected on walk for player "test400Dk": traveled 8 tiles in 47.3068ms (expected at least 1403.5086ms). Deficit: 1356.2018ms.
openmu-startup  | 2026-09-28 15:38:33.171 +00:00 [Warning] [MUnique.OpenMU.GameLogic.Player] WalkToAsync: Player requested to walk from "239, 129", but it's currently at "230, 129" (offset 9 > 5). Resynchronizing client.
openmu-startup  | 2026-09-28 15:38:33.424 +00:00 [Warning] [MUnique.OpenMU.GameLogic.Player] Speedhack detected on walk for player "test400Dk": traveled 8 tiles in 41.0538ms (expected at least 1403.5086ms). Deficit: 1362.4548ms.
openmu-startup  | 2026-09-28 15:38:33.467 +00:00 [Warning] [MUnique.OpenMU.GameLogic.Player] WalkToAsync: Player requested to walk from "242, 129", but it's currently at "233, 129" (offset 9 > 5). Resynchronizing client.
openmu-startup  | 2026-09-28 15:38:33.793 +00:00 [Warning] [MUnique.OpenMU.GameLogic.Player] Speedhack detected on walk for player "test400Dk": traveled 8 tiles in 40.6247ms (expected at least 1403.5086ms). Deficit: 1362.8839ms.
openmu-startup  | 2026-09-28 15:38:33.835 +00:00 [Warning] [MUnique.OpenMU.GameLogic.Player] WalkToAsync: Player requested to walk from "245, 129", but it's currently at "236, 129" (offset 9 > 5). Resynchronizing client.
openmu-startup  | 2026-09-28 15:38:34.125 +00:00 [Warning] [MUnique.OpenMU.GameLogic.Player] Speedhack detected on walk for player "test400Dk": traveled 8 tiles in 39.9983ms (expected at least 1403.5086ms). Deficit: 1363.5103ms.
openmu-startup  | 2026-09-28 15:38:34.167 +00:00 [Warning] [MUnique.OpenMU.GameLogic.Player] WalkToAsync: Player requested to walk from "248, 129", but it's currently at "239, 129" (offset 9 > 5). Resynchronizing client.
openmu-startup  | 2026-09-28 15:38:34.451 +00:00 [Warning] [MUnique.OpenMU.GameLogic.Player] WalkToAsync: Player requested to walk from "243, 129", but it's currently at "238, 130" (offset 5.0990195135927845 > 5). Resynchronizing client.
openmu-startup  | 2026-09-28 15:38:34.472 +00:00 [Warning] [MUnique.OpenMU.GameLogic.Player] WalkToAsync: Player requested to walk from "247, 129", but it's currently at "238, 130" (offset 9.055385138137417 > 5). Resynchronizing client.
openmu-startup  | 2026-09-28 15:38:34.494 +00:00 [Warning] [MUnique.OpenMU.GameLogic.Player] WalkToAsync: Player requested to walk from "251, 129", but it's currently at "238, 130" (offset 13.038404810405298 > 5). Resynchronizing client.
openmu-startup  | 2026-09-28 15:38:34.833 +00:00 [Warning] [MUnique.OpenMU.GameLogic.Player] Speedhack detected on walk for player "test400Dk": traveled 8 tiles in 40.7606ms (expected at least 1403.5086ms). Deficit: 1362.748ms.
openmu-startup  | 2026-09-28 15:38:34.876 +00:00 [Warning] [MUnique.OpenMU.GameLogic.Player] WalkToAsync: Player requested to walk from "250, 130", but it's currently at "241, 130" (offset 9 > 5). Resynchronizing client.
openmu-startup  | 2026-09-28 15:38:35.192 +00:00 [Warning] [MUnique.OpenMU.GameLogic.Player] Speedhack detected on walk for player "test400Dk": traveled 8 tiles in 32.8314ms (expected at least 1403.5086ms). Deficit: 1370.6772ms.
openmu-startup  | 2026-09-28 15:38:35.235 +00:00 [Warning] [MUnique.OpenMU.GameLogic.Player] WalkToAsync: Player requested to walk from "253, 130", but it's currently at "244, 130" (offset 9 > 5). Resynchronizing client.
openmu-startup  | 2026-09-28 15:40:09.434 +00:00 [Warning] [MUnique.OpenMU.GameLogic.Player] WalkToAsync: Player requested to walk from "148, 121", but it's currently at "141, 121" (offset 7 > 5). Resynchronizing client.
openmu-startup  | 2026-09-28 15:40:09.463 +00:00 [Warning] [MUnique.OpenMU.GameLogic.Player] WalkToAsync: Player requested to walk from "152, 121", but it's currently at "141, 121" (offset 11 > 5). Resynchronizing client.
openmu-startup  | 2026-09-28 15:40:59.611 +00:00 [Warning] [MUnique.OpenMU.GameLogic.Player] WalkToAsync: Player requested to walk from "163, 126", but it's currently at "174, 126" (offset 11 > 5). Resynchronizing client.
openmu-startup  | 2026-09-28 15:40:59.632 +00:00 [Warning] [MUnique.OpenMU.GameLogic.Player] WalkToAsync: Player requested to walk from "167, 126", but it's currently at "174, 126" (offset 7 > 5). Resynchronizing client.
openmu-startup  | 2026-09-28 15:41:22.271 +00:00 [Warning] [MUnique.OpenMU.GameLogic.Player] WalkToAsync: Player requested to walk from "155, 126", but it's currently at "166, 126" (offset 11 > 5). Resynchronizing client.
openmu-startup  | 2026-09-28 15:41:22.288 +00:00 [Warning] [MUnique.OpenMU.GameLogic.Player] WalkToAsync: Player requested to walk from "159, 126", but it's currently at "166, 126" (offset 7 > 5). Resynchronizing client.
openmu-startup  | 2026-09-28 15:41:22.589 +00:00 [Warning] [MUnique.OpenMU.GameLogic.Player] WalkToAsync: Player requested to walk from "180, 126", but it's currently at "168, 126" (offset 12 > 5). Resynchronizing client.
openmu-startup  | 2026-09-28 15:41:22.610 +00:00 [Warning] [MUnique.OpenMU.GameLogic.Player] WalkToAsync: Player requested to walk from "184, 126", but it's currently at "168, 126" (offset 16 > 5). Resynchronizing client.
openmu-startup  | 2026-09-28 15:41:22.630 +00:00 [Warning] [MUnique.OpenMU.GameLogic.Player] WalkToAsync: Player requested to walk from "188, 126", but it's currently at "168, 126" (offset 20 > 5). Resynchronizing client.
openmu-startup  | 2026-09-28 15:41:22.655 +00:00 [Warning] [MUnique.OpenMU.GameLogic.Player] WalkToAsync: Player requested to walk from "192, 126", but it's currently at "168, 126" (offset 24 > 5). Resynchronizing client.
openmu-startup  | 2026-09-28 15:42:00.697 +00:00 [Warning] [MUnique.OpenMU.GameLogic.Player] WalkToAsync: Player requested to walk from "157, 126", but it's currently at "168, 126" (offset 11 > 5). Resynchronizing client.
openmu-startup  | 2026-09-28 15:42:00.717 +00:00 [Warning] [MUnique.OpenMU.GameLogic.Player] WalkToAsync: Player requested to walk from "161, 126", but it's currently at "168, 126" (offset 7 > 5). Resynchronizing client.
openmu-startup  | 2026-09-28 15:42:01.066 +00:00 [Warning] [MUnique.OpenMU.GameLogic.Player] WalkToAsync: Player requested to walk from "182, 126", but it's currently at "170, 126" (offset 12 > 5). Resynchronizing client.
openmu-startup  | 2026-09-28 15:42:01.086 +00:00 [Warning] [MUnique.OpenMU.GameLogic.Player] WalkToAsync: Player requested to walk from "186, 126", but it's currently at "170, 126" (offset 16 > 5). Resynchronizing client.
openmu-startup  | 2026-09-28 15:42:01.107 +00:00 [Warning] [MUnique.OpenMU.GameLogic.Player] WalkToAsync: Player requested to walk from "190, 126", but it's currently at "170, 126" (offset 20 > 5). Resynchronizing client.
openmu-startup  | 2026-09-28 15:42:01.129 +00:00 [Warning] [MUnique.OpenMU.GameLogic.Player] WalkToAsync: Player requested to walk from "194, 126", but it's currently at "170, 126" (offset 24 > 5). Resynchronizing client.
openmu-startup  | 2026-09-28 15:42:10.659 +00:00 [Warning] [MUnique.OpenMU.GameLogic.Player] WalkToAsync: Player requested to walk from "145, 121", but it's currently at "138, 121" (offset 7 > 5). Resynchronizing client.
openmu-startup  | 2026-09-28 15:42:10.679 +00:00 [Warning] [MUnique.OpenMU.GameLogic.Player] WalkToAsync: Player requested to walk from "149, 121", but it's currently at "138, 121" (offset 11 > 5). Resynchronizing client.
openmu-startup  | 2026-09-28 15:42:11.044 +00:00 [Warning] [MUnique.OpenMU.GameLogic.Player] WalkToAsync: Player requested to walk from "146, 121", but it's currently at "139, 121" (offset 7 > 5). Resynchronizing client.
openmu-startup  | 2026-09-28 15:42:11.064 +00:00 [Warning] [MUnique.OpenMU.GameLogic.Player] WalkToAsync: Player requested to walk from "150, 121", but it's currently at "139, 121" (offset 11 > 5). Resynchronizing client.
openmu-startup  | 2026-09-28 15:42:11.392 +00:00 [Warning] [MUnique.OpenMU.GameLogic.Player] WalkToAsync: Player requested to walk from "147, 121", but it's currently at "140, 121" (offset 7 > 5). Resynchronizing client.
openmu-startup  | 2026-09-28 15:42:11.415 +00:00 [Warning] [MUnique.OpenMU.GameLogic.Player] WalkToAsync: Player requested to walk from "151, 121", but it's currently at "140, 121" (offset 11 > 5). Resynchronizing client.
openmu-startup  | 2026-09-28 15:42:11.696 +00:00 [Warning] [MUnique.OpenMU.GameLogic.Player] WalkToAsync: Player requested to walk from "148, 121", but it's currently at "141, 121" (offset 7 > 5). Resynchronizing client.
openmu-startup  | 2026-09-28 15:42:11.716 +00:00 [Warning] [MUnique.OpenMU.GameLogic.Player] WalkToAsync: Player requested to walk from "152, 121", but it's currently at "141, 121" (offset 11 > 5). Resynchronizing client.
openmu-startup  | 2026-09-28 15:43:06.570 +00:00 [Warning] [MUnique.OpenMU.GameLogic.Player] WalkToAsync: Player requested to walk from "155, 126", but it's currently at "166, 126" (offset 11 > 5). Resynchronizing client.
openmu-startup  | 2026-09-28 15:43:06.590 +00:00 [Warning] [MUnique.OpenMU.GameLogic.Player] WalkToAsync: Player requested to walk from "159, 126", but it's currently at "166, 126" (offset 7 > 5). Resynchronizing client.
openmu-startup  | 2026-09-28 15:43:06.957 +00:00 [Warning] [MUnique.OpenMU.GameLogic.Player] WalkToAsync: Player requested to walk from "180, 126", but it's currently at "168, 126" (offset 12 > 5). Resynchronizing client.
openmu-startup  | 2026-09-28 15:43:06.978 +00:00 [Warning] [MUnique.OpenMU.GameLogic.Player] WalkToAsync: Player requested to walk from "184, 126", but it's currently at "168, 126" (offset 16 > 5). Resynchronizing client.
openmu-startup  | 2026-09-28 15:43:06.999 +00:00 [Warning] [MUnique.OpenMU.GameLogic.Player] WalkToAsync: Player requested to walk from "188, 126", but it's currently at "168, 126" (offset 20 > 5). Resynchronizing client.
openmu-startup  | 2026-09-28 15:43:07.019 +00:00 [Warning] [MUnique.OpenMU.GameLogic.Player] WalkToAsync: Player requested to walk from "192, 126", but it's currently at "168, 126" (offset 24 > 5). Resynchronizing client.
openmu-startup  | 2026-09-28 15:43:26.908 +00:00 [Warning] [MUnique.OpenMU.GameLogic.Player] WalkToAsync: Player requested to walk from "176, 127", but it's currently at "188, 127" (offset 12 > 5). Resynchronizing client.
openmu-startup  | 2026-09-28 15:43:26.928 +00:00 [Warning] [MUnique.OpenMU.GameLogic.Player] WalkToAsync: Player requested to walk from "180, 127", but it's currently at "188, 127" (offset 8 > 5). Resynchronizing client.
openmu-startup  | 2026-09-28 15:43:27.243 +00:00 [Warning] [MUnique.OpenMU.GameLogic.Player] Speedhack detected on walk for player "test400Dk": traveled 9 tiles in 294.5951ms (expected at least 1578.9472ms). Deficit: 1284.3521ms.
openmu-startup  | 2026-09-28 15:43:27.246 +00:00 [Warning] [MUnique.OpenMU.GameLogic.Player] Speedhack warning issued for player "test400Dk". Total warnings in last hour: 4
openmu-startup  | 2026-09-28 15:43:27.248 +00:00 [Error] [MUnique.OpenMU.GameLogic.Player] Player "test400Dk" exceeded speedhack warning limit. Banning account "test400" and disconnecting.
